// Jest Snapshot v1, https://goo.gl/fbAQLP

exports[`<PaymentDetail /> PaymentDetail renders correctly 1`] = `
Array [
  <header
    className="header-main"
  >
    <div
      className="container"
    >
      <nav
        className="navbar navbar-expand-lg navbar-light bg-light"
      >
        <div
          className="navbar-brand"
          onClick={[Function]}
          style={
            Object {
              "cursor": "pointer",
            }
          }
        >
          <img
            alt="logo"
            className="logo"
            src=""
          />
        </div>
        <button
          aria-controls="basic-navbar-nav"
          aria-label="Toggle navigation"
          className="navbar-toggler collapsed"
          onClick={[Function]}
          type="button"
        >
          <span
            className="navbar-toggler-icon"
          />
        </button>
        <div
          aria-expanded={null}
          className="navbar-collapse collapse"
          id="basic-navbar-nav"
        >
          <div
            className="ml-md-auto navbar-nav"
            onKeyDown={[Function]}
          >
            <span
              className="btn btn-primary btn-theme btn-primary-border"
              onClick={[Function]}
            >
              Sign in
            </span>
            <button
              className="btn btn-primary btn-theme btn-primary-theme"
              onClick={[Function]}
            >
              Sign up
            </button>
          </div>
        </div>
      </nav>
    </div>
  </header>,
  <div
    className="shadow-line"
  />,
  <section
    className="theme-inner"
  >
    <div
      className="container"
    >
      <div
        className="transaction-steps row"
      >
        <div
          className="col"
        >
          <div
            className="d-flex justify-content-left align-items-center"
          >
            <div
              className="green-block payment-step"
            >
               
              <img
                alt="paymentDetailGreen"
                src=""
              />
              <span
                className="steps-title"
              >
                Payment Details
              </span>
               
            </div>
          </div>
        </div>
        <div
          className="col"
        >
          <div
            className="d-flex justify-content-left align-items-center"
          >
            <div
              className="gray-block sender-step"
            >
               
              <img
                alt="SenderDetailGrey"
                src=""
              />
              <span
                className="steps-title"
              >
                Sender Details
              </span>
            </div>
             
          </div>
        </div>
        <div
          className="col"
        >
          <div
            className="d-flex justify-content-left align-items-center"
          >
             
            <div
              className="gray-block beneficiary-step"
            >
              <img
                alt="BeneficiaryDetailGrey"
                src=""
              />
              <span
                className="steps-title"
              >
                Beneficiary Details
              </span>
            </div>
          </div>
        </div>
        <div
          className="col"
        >
          <div
            className="d-flex justify-content-left align-items-center"
          >
             
            <div
              className="gray-block pay-info-step"
            >
              <img
                alt="paymentInfoGrey"
                src=""
              />
              <span
                className="steps-title"
              >
                Payment Information
              </span>
            </div>
          </div>
        </div>
        <div
          className="col"
        >
          <div
            className="d-flex justify-content-left align-items-center"
          >
            <div
              className="gray-block review-step last-step"
            >
              <img
                alt="ReviewDetailGrey"
                src=""
              />
              <span
                className="steps-title"
              >
                Review Details
              </span>
            </div>
          </div>
        </div>
      </div>
      <div
        className="d-flex justify-content-center row"
      >
        <div
          className="steps-content-block col-xl-5 col-md-8 col-sm-12"
        >
           
          <h2
            className="sub-title text-center"
          >
            Enter the send amount
          </h2>
          <div
            className="p-0 col"
          >
            <div
              className="p-0 col"
            >
              <div
                className="calculator steps-calculator"
              >
                <div
                  className="sc-AxjAm jhiTqR"
                >
                  <div
                    className="sc-AxirZ fpkyRk input-dropdown"
                  >
                    <div
                      className="sc-AxiKw jtcTIk custom-wrap"
                      onClick={[Function]}
                    >
                      <span
                        className="sc-AxmLO kPXgwU"
                      >
                        Send money to
                      </span>
                      <div
                        className="sc-AxgMl fqhLTf"
                      >
                        <div
                          className="selected-country"
                        >
                          <input
                            className="sc-fzoLsD bZwsmY"
                            onChange={[Function]}
                            placeholder="Select a country"
                            value=""
                          />
                        </div>
                        <img
                          alt="arrow-dwon"
                          src=""
                        />
                      </div>
                    </div>
                  </div>
                </div>
              </div>
              <div>
                
              </div>
            </div>
            <div
              className="fee-block col"
            >
              <div
                className="row"
              >
                <div
                  className="col"
                >
                  <div
                    className="row"
                  >
                    <div
                      className="col"
                      style={
                        Object {
                          "color": "#4F4F4F",
                          "fontWeight": "400",
                        }
                      }
                    >
                      Exchange Rate
                    </div>
                  </div>
                  <div
                    className="row"
                  >
                    <div
                      className="col"
                      style={
                        Object {
                          "color": "#212529",
                          "fontWeight": "bold",
                        }
                      }
                    >
                      1 USD =
                       
                      undefined undefined
                    </div>
                  </div>
                </div>
                <div
                  className="col"
                >
                  <div
                    className="row"
                  >
                    <div
                      className="col"
                      style={
                        Object {
                          "color": "#4F4F4F",
                          "fontWeight": "400",
                        }
                      }
                    >
                      Estimated Transfer Fee
                    </div>
                  </div>
                  <div
                    className="row"
                  >
                    <div
                      className="col"
                      style={
                        Object {
                          "color": "#212529",
                          "fontWeight": "bold",
                        }
                      }
                    >
                      0
                       USD
                       
                      <button
                        onClick={[Function]}
                        style={
                          Object {
                            "backgroundColor": "transparent",
                            "border": "none",
                          }
                        }
                      >
                        <img
                          alt="IllSign"
                          src=""
                        />
                      </button>
                    </div>
                  </div>
                </div>
                 
              </div>
            </div>
          </div>
          <div
            className="money-block col"
          >
            <div
              className="row"
            >
              <div
                className="m-0 col-10 col"
              >
                <p
                  className="small m-0"
                >
                  Sending amount
                </p>
                <div
                  className="row"
                >
                   
                  <input
                    name="sendCurrency"
                    onChange={[Function]}
                    placeholder="0"
                    style={
                      Object {
                        "background": "transparent",
                        "border": "none",
                        "outline": "none",
                        "paddingLeft": "16px",
                        "width": "100%",
                      }
                    }
                    type="number"
                    value=""
                  />
                </div>
              </div>
              <div
                className="currency-label align-self-end pl-0 col-2 text-right col"
              >
                USD
              </div>
            </div>
            <div
              className="row"
            >
              
              
            </div>
          </div>
          <div
            className="money-block col"
          >
            <div
              className="row"
            >
              <div
                className="m-0 col-10 col"
              >
                <p
                  className="small m-0"
                >
                   Receiving amount
                </p>
                <div
                  className="row"
                >
                  <input
                    name="receiveCurrency"
                    onChange={[Function]}
                    placeholder="0"
                    style={
                      Object {
                        "background": "transparent",
                        "border": "none",
                        "outline": "none",
                        "paddingLeft": "16px",
                        "width": "100%",
                      }
                    }
                    type="number"
                    value=""
                  />
                </div>
              </div>
              <div
                className="currency-label align-self-end pl-0 col-2 text-right col"
              />
            </div>
            <div
              className="row"
            >
              
            </div>
          </div>
           
          <p>
            The exchange rate guaranteed for 30 minutes only.
          </p>
          <button
            className="btn btn-secondary btn-secondary-big btn btn-primary btn-block"
            disabled={false}
            onClick={[Function]}
            type="button"
          >
            Continue to Next Step
          </button>
        </div>
      </div>
    </div>
  </section>,
  <footer
    className="footer-section text-center"
  >
    <div
      className="container"
    >
      <div
        className="row"
      >
        <div
          className="col-12"
        >
          <div
            className="foot-nav"
          >
            <a
              aria-current="page"
              className="link active"
              href="/"
              onClick={[Function]}
              style={Object {}}
            >
              Home
            </a>
            <a
              aria-current={null}
              className="link"
              href="/about-us"
              onClick={[Function]}
            >
              About Us
            </a>
            <a
              aria-current={null}
              className="link"
              href="/terms-of-service"
              onClick={[Function]}
            >
              Terms
            </a>
            <a
              aria-current={null}
              className="link"
              href="/privacy-policy"
              onClick={[Function]}
            >
              Privacy Policy
            </a>
            <a
              aria-current={null}
              className="link"
              href="/copyright"
              onClick={[Function]}
            >
              Copyright
            </a>
            <a
              aria-current={null}
              className="link"
              href="/contact-us"
              onClick={[Function]}
            >
              Contact
            </a>
          </div>
        </div>
        <div
          className="copyright col-sm-12"
        >
          <p>
            © Golden Money Transfer Inc. 2020. All Rights Reserved.
             
            <b>
              Licensed by
            </b>
             Department of Financial Institutions, Nevada
          </p>
        </div>
      </div>
    </div>
  </footer>,
  <div
    className="disclaimer text-center"
  >
    <div
      className="container"
    >
      <div
        className="policy"
      >
         
        This website uses cookies to ensure you get the best experience on our website, as described in our
         
        <span
          className="btn-link"
          onClick={[Function]}
          style={
            Object {
              "cursor": "pointer",
            }
          }
        >
           
            privacy policy.
        </span>
      </div>
      <div
        className="policy1"
      >
        This website uses cookies,
        <span
          className="btn-link"
          onClick={[Function]}
          style={
            Object {
              "cursor": "pointer",
            }
          }
        >
           
            learn more.
        </span>
      </div>
      <div
        className="buttonDiv"
      >
        <button
          className="btn-outline-warning"
          onClick={[Function]}
          style={
            Object {
              "border": "none",
              "borderRadius": "50px",
              "color": "black",
              "padding": "5px 15px",
            }
          }
        >
          Accept
        </button>
      </div>
    </div>
  </div>,
]
`;
