// Jest Snapshot v1, https://goo.gl/fbAQLP

exports[`<Dropdown /> Dropdown renders correctly 1`] = `
<div
  className="sc-AxjAm jhiTqR"
>
  <div
    className="sc-AxirZ fpkyRk input-dropdown"
    style={
      Object {
        "width": "100%",
      }
    }
  >
    <div
      className="sc-AxhCb flAYhK custom-wrap"
      onClick={[Function]}
    >
      <div
        className="sc-AxgMl fqhLTf"
      >
        <div
          className="selected-country"
        >
          <span />
        </div>
        <img
          alt="arrow-dwon"
          src=""
        />
      </div>
    </div>
  </div>
</div>
`;
